(call print Break without new block, print to 3)
(for (var i = 0.0) (< i 10.0) (assign i (+ i 1.0)) { (call print i) (if (== i 3.0) break) })
(call print Break inside new block, print to 3)
(for (var i = 0.0) (< i 10.0) (assign i (+ i 1.0)) { (call print i) (if (== i 3.0) { break (call print Shouldnt print this) }) })
(call print Break inside deep nested block, print to 3)
(for (var i = 0.0) (< i 10.0) (assign i (+ i 1.0)) { (call print i) (if (== i 3.0) { { break } (call print Shouldnt print this) }) })
Break without new block, print to 3
0
1
2
3
Break inside new block, print to 3
0
1
2
3
Break inside deep nested block, print to 3
0
1
2
3
